*** EVALUATION ***
PROGRAM "C:\Users\julia\OneDrive\Local Github\ME-305\Lab_4\bin\Project.abs"

*********************************************************************************************
TARGET SECTION
---------------------------------------------------------------------------------------------
Processor   : Freescale HC12
Memory Model: SMALL
File Format : ELF\DWARF 2.0
Linker      : SmartLinker V-5.0.40 Build 10203, Jul 23 2010

*********************************************************************************************
FILE SECTION
---------------------------------------------------------------------------------------------
main.asm.o                              Model: SMALL,         Lang: Assembler
Lib_DAC.asm.o (ME305LIBV3.0.lib)        Model: SMALL,         Lang: Assembler
Lib_Delay.asm.o (ME305LIBV3.0.lib)      Model: SMALL,         Lang: Assembler
Lib_Encoder.asm.o (ME305LIBV3.0.lib)    Model: SMALL,         Lang: Assembler
Lib_Keypad.asm.o (ME305LIBV3.0.lib)     Model: SMALL,         Lang: Assembler
Lib_LCD.asm.o (ME305LIBV3.0.lib)        Model: SMALL,         Lang: Assembler
Lib_Startup.asm.o (ME305LIBV3.0.lib)    Model: SMALL,         Lang: Assembler
Lib_Interface.asm.o (ME305LIBV3.0.lib)  Model: SMALL,         Lang: Assembler

*********************************************************************************************
STARTUP SECTION
---------------------------------------------------------------------------------------------
Entry point: 0xC000 (Entry)

*********************************************************************************************
SECTION-ALLOCATION SECTION
Section Name                    Size  Type     From       To       Segment
---------------------------------------------------------------------------------------------
.init                            227     R     0xC000     0xC0E2   ROM_C000
.stack                          1024   R/W     0x2000     0x23FF   RAM
.data                             51   R/W     0x2400     0x2432   RAM
LIBRARY_RAM                       35   R/W     0x1000     0x1022   LIBRAM
MyCode                          1655     R     0x4000     0x4676   ROM_4000
Lib_DAC                           45     R      0x800      0x82C   EEPROM
Lib_Keypad                       117     R      0x82D      0x8A1   EEPROM
Lib_Encoder                      177     R      0x8A2      0x952   EEPROM
Lib_LCD                          578     R      0x953      0xB94   EEPROM
Lib_Delay                         56     R      0xB95      0xBCC   EEPROM
main.asm__ORG00001                 2     R     0xFFFE     0xFFFF   .absSeg0
main.asm__ORG00002                 2     R     0xFFEE     0xFFEF   .absSeg1
ME305LIBV3.0_Lib_Interface.asm__ORG00001          2     R     0xFFCE     0xFFCF   .absSeg2

Summary of section sizes per section type:
READ_ONLY (R):         B2D (dec:     2861)
READ_WRITE (R/W):      456 (dec:     1110)

*********************************************************************************************
VECTOR-ALLOCATION SECTION
    Address     InitValue   InitFunction
---------------------------------------------------------------------------------------------

*********************************************************************************************
OBJECT-ALLOCATION SECTION
     Name               Module                 Addr   hSize   dSize     Ref    Section   RLIB
---------------------------------------------------------------------------------------------
MODULE:                 -- main.asm.o --
- PROCEDURES:
     main                                      4000       F      15       1   MyCode      
     top                                       400F      11      17       0   MyCode      
     spin                                      4020       2       2       0   MyCode      
     TASK_1                                    4022       8       8       1   MyCode      
     t1s0                                      402A      23      35       0   MyCode      
     t1s1                                      404D       1       1       0   MyCode      
     TASK_2                                    404E      22      34       1   MyCode      
     t2s0                                      4070      18      24       0   MyCode      
     t2s1                                      4088      23      35       0   MyCode      
     skip_select                               40AB       D      13       0   MyCode      
     skipBS                                    40B8       D      13       0   MyCode      
     skipENT                                   40C5      14      20       0   MyCode      
     skipDIGIT                                 40D9       7       7       0   MyCode      
     t2s2                                      40E0       C      12       0   MyCode      
     toomany                                   40EC       C      12       0   MyCode      
     skip_e                                    40F8      1F      31       0   MyCode      
     t2s3                                      4117       C      12       0   MyCode      
     skip_NO_DIGITS                            4123       C      12       0   MyCode      
     check_error                               412F      21      33       0   MyCode      
     skipERROR                                 4150      18      24       0   MyCode      
     t2s4                                      4168      11      17       0   MyCode      
     t2s5                                      4179      27      39       0   MyCode      
     t2s6                                      41A0       C      12       0   MyCode      
     skip_toolarge                             41AC       9       9       0   MyCode      
     skip_zeromag                              41B5       9       9       0   MyCode      
     skip_zerodigits                           41BE       B      11       0   MyCode      
     exit2                                     41C9       1       1       0   MyCode      
     TASK_3                                    41CA       C      12       1   MyCode      
     t3s0                                      41D6       C      12       0   MyCode      
     t3s1                                      41E2      17      23       0   MyCode      
     t3s2                                      41F9       A      10       0   MyCode      
     exit3                                     4203       1       1       0   MyCode      
     TASK_4                                    4204      3B      59       1   MyCode      
     t4s0                                      423F      19      25       0   MyCode      
     t4s1                                      4258      11      17       0   MyCode      
     t4s2                                      4269      10      16       0   MyCode      
     t4s3                                      4279      11      17       0   MyCode      
     t4s4                                      428A       E      14       0   MyCode      
     t4s5                                      4298       E      14       0   MyCode      
     t4s6                                      42A6       E      14       0   MyCode      
     t4s7                                      42B4       E      14       0   MyCode      
     t4s8                                      42C2       E      14       0   MyCode      
     t4s9                                      42D0       E      14       0   MyCode      
     t4s10                                     42DE       E      14       0   MyCode      
     t4s11                                     42EC      17      23       0   MyCode      
     char1                                     4303       3       3       0   MyCode      
     TASK_5                                    4306      16      22       1   MyCode      
     t5s0                                      431C      29      41       0   MyCode      
     t5s1                                      4345      14      20       0   MyCode      
     t5w1                                      4359       C      12       0   MyCode      
     t5w2                                      4365       C      12       0   MyCode      
     t5w3                                      4371       C      12       0   MyCode      
     t5w4                                      437D       C      12       0   MyCode      
     t5s2                                      4389      2A      42       0   MyCode      
     t5s2a                                     43B3       1       1       0   MyCode      
     t5s3                                      43B4      10      16       0   MyCode      
     t5s4                                      43C4      22      34       0   MyCode      
     t5s4a                                     43E6      13      19       0   MyCode      
     t5s4b                                     43F9       B      11       0   MyCode      
     t5s4c                                     4404       5       5       0   MyCode      
     t5s4d                                     4409       3       3       0   MyCode      
     t5s4e                                     440C       1       1       0   MyCode      
     exit5                                     440D       1       1       0   MyCode      
     isubrout                                  440E      11      17       1   MyCode      
     NEW_CINT                                  441F      11      17       0   MyCode      
     NXT_INT                                   4430       B      11       0   MyCode      
     backspace                                 443B      1C      28       1   MyCode      
     bkspexit                                  4457       1       1       0   MyCode      
     conversion                                4458      10      16       1   MyCode      
     convloop                                  4468      28      40       0   MyCode      
     ERR1                                      4490       7       7       0   MyCode      
     loopfin                                   4497       A      10       0   MyCode      
     cnvexit                                   44A1       7       7       0   MyCode      
     PUTCHAR1                                  44A8       F      15       1   MyCode      
     PUTCHAR                                   44B7       F      15       8   MyCode      
     mess_exit                                 44C6       E      14       0   MyCode      
     ERR_DELAY                                 44D4      14      20       0   MyCode      
     err_exit                                  44E8       E      14       0   MyCode      
     clrcurs                                   44F6       8       8       3   MyCode      
     clearbuffer                               44FE       E      14       4   MyCode      
     TOP                                       450C      29      41       1   MyCode      
     SAWMSG                                    4535      29      41       1   MyCode      
     SEG7MSG                                   455E      29      41       1   MyCode      
     SQUAREMSG                                 4587      29      41       1   MyCode      
     SEG15MSG                                  45B0      29      41       1   MyCode      
     BACKSPACE                                 45D9       2       2       1   MyCode      
     E1                                        45DB      14      20       1   MyCode      
     E2                                        45EF      14      20       1   MyCode      
     E3                                        4603      14      20       1   MyCode      
     SAWTOOTH                                  4617       1       1       1   MyCode      
     VAR00001                                  4618       2       2       0   MyCode      
     VAR00002                                  461A       1       1       0   MyCode      
     VAR00003                                  461B       2       2       0   MyCode      
     VAR00004                                  461D       1       1       0   MyCode      
     VAR00005                                  461E       2       2       0   MyCode      
     SINE_7                                    4620       1       1       1   MyCode      
     VAR00006                                  4621       2       2       0   MyCode      
     VAR00007                                  4623       1       1       0   MyCode      
     VAR00008                                  4624       2       2       0   MyCode      
     VAR00009                                  4626       1       1       0   MyCode      
     VAR00010                                  4627       2       2       0   MyCode      
     VAR00011                                  4629       1       1       0   MyCode      
     VAR00012                                  462A       2       2       0   MyCode      
     VAR00013                                  462C       1       1       0   MyCode      
     VAR00014                                  462D       2       2       0   MyCode      
     VAR00015                                  462F       1       1       0   MyCode      
     VAR00016                                  4630       2       2       0   MyCode      
     VAR00017                                  4632       1       1       0   MyCode      
     VAR00018                                  4633       2       2       0   MyCode      
     VAR00019                                  4635       1       1       0   MyCode      
     VAR00020                                  4636       2       2       0   MyCode      
     SQUARE                                    4638       1       1       1   MyCode      
     VAR00021                                  4639       2       2       0   MyCode      
     VAR00022                                  463B       1       1       0   MyCode      
     VAR00023                                  463C       2       2       0   MyCode      
     VAR00024                                  463E       1       1       0   MyCode      
     VAR00025                                  463F       2       2       0   MyCode      
     VAR00026                                  4641       1       1       0   MyCode      
     VAR00027                                  4642       2       2       0   MyCode      
     VAR00028                                  4644       1       1       0   MyCode      
     VAR00029                                  4645       2       2       0   MyCode      
     SINE_15                                   4647       1       1       1   MyCode      
     VAR00030                                  4648       2       2       0   MyCode      
     VAR00031                                  464A       1       1       0   MyCode      
     VAR00032                                  464B       2       2       0   MyCode      
     VAR00033                                  464D       1       1       0   MyCode      
     VAR00034                                  464E       2       2       0   MyCode      
     VAR00035                                  4650       1       1       0   MyCode      
     VAR00036                                  4651       2       2       0   MyCode      
     VAR00037                                  4653       1       1       0   MyCode      
     VAR00038                                  4654       2       2       0   MyCode      
     VAR00039                                  4656       1       1       0   MyCode      
     VAR00040                                  4657       2       2       0   MyCode      
     VAR00041                                  4659       1       1       0   MyCode      
     VAR00042                                  465A       2       2       0   MyCode      
     VAR00043                                  465C       1       1       0   MyCode      
     VAR00044                                  465D       2       2       0   MyCode      
     VAR00045                                  465F       1       1       0   MyCode      
     VAR00046                                  4660       2       2       0   MyCode      
     VAR00047                                  4662       1       1       0   MyCode      
     VAR00048                                  4663       2       2       0   MyCode      
     VAR00049                                  4665       1       1       0   MyCode      
     VAR00050                                  4666       2       2       0   MyCode      
     VAR00051                                  4668       1       1       0   MyCode      
     VAR00052                                  4669       2       2       0   MyCode      
     VAR00053                                  466B       1       1       0   MyCode      
     VAR00054                                  466C       2       2       0   MyCode      
     VAR00055                                  466E       1       1       0   MyCode      
     VAR00056                                  466F       2       2       0   MyCode      
     VAR00057                                  4671       1       1       0   MyCode      
     VAR00058                                  4672       2       2       0   MyCode      
     VAR00059                                  4674       1       1       0   MyCode      
     VAR00060                                  4675       2       2       0   MyCode      
- VARIABLES:
     INTERVAL                                  2400       2       2       3   .data       
     SELECT_FLG                                2402       1       1       5   .data       
     COUNT                                     2403       1       1      12   .data       
     MM_ERR                                    2404       1       1       2   .data       
     NINT                                      2405       2       2       4   .data       
     WAVE_NUM                                  2407       1       1       4   .data       
     KEY_FLG                                   2408       1       1      12   .data       
     KEY_BUFF                                  2409       1       1       6   .data       
     MSG_NUM                                   240A       1       1       7   .data       
     RUN                                       240B       1       1       5   .data       
     CINT                                      240C       2       2       4   .data       
     NEWBTI                                    240E       1       1       3   .data       
     WAVEPTR                                   240F       2       2       7   .data       
     CSEG                                      2411       1       1       4   .data       
     LSEG                                      2412       1       1       4   .data       
     SEGPTR                                    2413       2       2       5   .data       
     SEGINC                                    2415       2       2       4   .data       
     VALUE                                     2417       2       2       5   .data       
     DWAVE                                     2419       1       1       3   .data       
     DPRMPT                                    241A       1       1       0   .data       
     NINTOK                                    241B       1       1       4   .data       
     t1state                                   241C       1       1       3   .data       
     t2state                                   241D       1       1      14   .data       
     t3state                                   241E       1       1       5   .data       
     t4state                                   241F       1       1      11   .data       
     t5state                                   2420       1       1      10   .data       
     t6state                                   2421       1       1       0   .data       
     t7state                                   2422       1       1       0   .data       
     t8state                                   2423       1       1       0   .data       
     RESULT                                    2424       2       2       6   .data       
     BUFFER                                    2426       3       3       4   .data       
     TMP                                       2429       1       1       3   .data       
     ERR                                       242A       1       1       4   .data       
     INPUT                                     242B       1       1       0   .data       
     DPTR                                      242C       2       2       3   .data       
     FIRSTCH                                   242E       1       1      12   .data       
     COUNT_ERR                                 242F       2       2       3   .data       
     TICKS_ERR                                 2431       2       2       2   .data       
     VAR00061                                  FFFE       2       2       0   .text       
     VAR00062                                  FFEE       2       2       0   .text       
MODULE:                 -- Lib_DAC.asm.o (ME305LIBV3.0.lib) --
- PROCEDURES:
     OUTDACA                                    800       6       6       1   Lib_DAC     
     OUTDACB                                    806       4       4       0   Lib_DAC     
     OUTDAC                                     80A      23      35       0   Lib_DAC     
- VARIABLES:
MODULE:                 -- Lib_Delay.asm.o (ME305LIBV3.0.lib) --
- PROCEDURES:
     DELAY_MICRO                                B95       F      15       5   Lib_Delay   
     MICRO_Loop                                 BA4       D      13       0   Lib_Delay   
     DELAY_MILLI                                BB1       F      15       2   Lib_Delay   
     MILLI_Loop                                 BC0       D      13       0   Lib_Delay   
- VARIABLES:
MODULE:                 -- Lib_Encoder.asm.o (ME305LIBV3.0.lib) --
- PROCEDURES:
     STARTUP_ENCODER                            8A2      51      81       0   Lib_Encoder 
     READ_ENCODER                               8F3      37      55       0   Lib_Encoder 
     DISABLE_ENCODER                            92A      29      41       1   Lib_Encoder 
- VARIABLES:
MODULE:                 -- Lib_Keypad.asm.o (ME305LIBV3.0.lib) --
- PROCEDURES:
     INITKEY                                    82D      35      53       1   Lib_Keypad  
     GETCHAR                                    862      10      16       1   Lib_Keypad  
     ISR_KEYPAD                                 872      1C      28       1   Lib_Keypad  
     VAR00001                                   88E      14      20       1   Lib_Keypad  
- VARIABLES:
     KEYREADY                                  1000       1       1       0   LIBRARY_RAM 
     LCHARACTER                                1001       1       1       4   LIBRARY_RAM 
     LKEY_FLG                                  1002       1       1       4   LIBRARY_RAM 
MODULE:                 -- Lib_LCD.asm.o (ME305LIBV3.0.lib) --
- PROCEDURES:
     INITLCD                                    953      6F     111       1   Lib_LCD     
     LCD_RESET                                  9C2      19      25       3   Lib_LCD     
     LCD_WRITE                                  9DB      18      24       7   Lib_LCD     
     BF_TEST                                    9F3      14      20       0   Lib_LCD     
     LCD_READ                                   A07      14      20       2   Lib_LCD     
     DISP_OFF                                   A1B       8       8       1   Lib_LCD     
     DISP_ON                                    A23       8       8       1   Lib_LCD     
     CURSOR_ON                                  A2B       8       8       1   Lib_LCD     
     CURSOR_OFF                                 A33       1       1       2   Lib_LCD     
     SETADDR                                    A34       E      14      22   Lib_LCD     
     GETADDR                                    A42       C      12       4   Lib_LCD     
     CLRSCREEN                                  A4E      1C      28       3   Lib_LCD     
     OUTCHAR_AT                                 A6A       3       3       0   Lib_LCD     
     OUTCHAR                                    A6D       C      12       4   Lib_LCD     
     BS_HANDLE                                  A79       C      12       0   Lib_LCD     
     OUTSTRING_AT                               A85       3       3       0   Lib_LCD     
     OUTSTRING                                  A88       2       2      11   Lib_LCD     
     OUTLOOP                                    A8A       9       9       0   Lib_LCD     
     OUTEXIT                                    A93       3       3       0   Lib_LCD     
     LCDTEMPLATE                                A96      1E      30       0   Lib_LCD     
     UPDATELCD_L1                               AB4      31      49       0   Lib_LCD     
     UPDATELCD_L2                               AE5      1B      27       0   Lib_LCD     
     INITMESS_L1                                B00      27      39       1   Lib_LCD     
     INITMESS_L2                                B27      28      40       1   Lib_LCD     
     LCDTEMPLATE_L1                             B4F      29      41       1   Lib_LCD     
     LCDTEMPLATE_L2                             B78      1D      29       1   Lib_LCD     
- VARIABLES:
     LVREF_BUF                                 1003       4       4       2   LIBRARY_RAM 
     LVREF_NULL                                1007       1       1       0   LIBRARY_RAM 
     LVACT_BUF                                 1008       4       4       2   LIBRARY_RAM 
     LVACT_NULL                                100C       1       1       0   LIBRARY_RAM 
     LERR_BUF                                  100D       4       4       2   LIBRARY_RAM 
     LERR_NULL                                 1011       1       1       0   LIBRARY_RAM 
     LEFF_BUF                                  1012       4       4       2   LIBRARY_RAM 
     LEFF_NULL                                 1016       1       1       0   LIBRARY_RAM 
     LKP_BUF                                   1017       5       5       2   LIBRARY_RAM 
     LKP_NULL                                  101C       1       1       0   LIBRARY_RAM 
     LKI_BUF                                   101D       5       5       2   LIBRARY_RAM 
     LKI_NULL                                  1022       1       1       0   LIBRARY_RAM 
MODULE:                 -- Lib_Startup.asm.o (ME305LIBV3.0.lib) --
- PROCEDURES:
     _Startup                                  C000      13      19       0   .init       
     Entry                                     C000       0       0       1   .init       
     STARTUP_PLL                               C013      20      32       1   .init       
     STARTUP_SPI0                              C033      45      69       1   .init       
     STARTUP_ATD1                              C078      1A      26       0   .init       
     STARTUP_PWM                               C092      1D      29       0   .init       
     STARTUP_IO                                C0AF      34      52       1   .init       
- VARIABLES:
- LABELS:
     __SEG_END_SSTACK                          2400       0       0       1               
MODULE:                 -- Lib_Interface.asm.o (ME305LIBV3.0.lib) --
- PROCEDURES:
- VARIABLES:
     VAR00035                                  FFCE       2       2       0   .text       

*********************************************************************************************
MODULE STATISTIC
  Name                                      Data   Code  Const
---------------------------------------------------------------------------------------------
  main.asm.o                                  51   1655      4
  Lib_DAC.asm.o (ME305LIBV3.0.lib)             0     45      0
  Lib_Delay.asm.o (ME305LIBV3.0.lib)           0     56      0
  Lib_Encoder.asm.o (ME305LIBV3.0.lib)         0    177      0
  Lib_Keypad.asm.o (ME305LIBV3.0.lib)          3    117      0
  Lib_LCD.asm.o (ME305LIBV3.0.lib)            32    578      0
  Lib_Startup.asm.o (ME305LIBV3.0.lib)         0    227      0
  Lib_Interface.asm.o (ME305LIBV3.0.lib)       0      0      2
  other                                     1024      0      0

*********************************************************************************************
SECTION USE IN OBJECT-ALLOCATION SECTION
---------------------------------------------------------------------------------------------
SECTION: ".text"
  VAR00035 VAR00062 VAR00061 
SECTION: ".data"
  INTERVAL SELECT_FLG COUNT MM_ERR NINT WAVE_NUM KEY_FLG KEY_BUFF MSG_NUM RUN 
  CINT NEWBTI WAVEPTR CSEG LSEG SEGPTR SEGINC VALUE DWAVE DPRMPT NINTOK t1state 
  t2state t3state t4state t5state t6state t7state t8state RESULT BUFFER TMP ERR 
  INPUT DPTR FIRSTCH COUNT_ERR TICKS_ERR 
SECTION: ".init"
  Entry _Startup STARTUP_PLL STARTUP_SPI0 STARTUP_ATD1 STARTUP_PWM STARTUP_IO 
SECTION: "LIBRARY_RAM"
  KEYREADY LCHARACTER LKEY_FLG LVREF_BUF LVREF_NULL LVACT_BUF LVACT_NULL 
  LERR_BUF LERR_NULL LEFF_BUF LEFF_NULL LKP_BUF LKP_NULL LKI_BUF LKI_NULL 
SECTION: "MyCode"
  main top spin TASK_1 t1s0 t1s1 TASK_2 t2s0 t2s1 skip_select skipBS skipENT 
  skipDIGIT t2s2 toomany skip_e t2s3 skip_NO_DIGITS check_error skipERROR t2s4 
  t2s5 t2s6 skip_toolarge skip_zeromag skip_zerodigits exit2 TASK_3 t3s0 t3s1 
  t3s2 exit3 TASK_4 t4s0 t4s1 t4s2 t4s3 t4s4 t4s5 t4s6 t4s7 t4s8 t4s9 t4s10 
  t4s11 char1 TASK_5 t5s0 t5s1 t5w1 t5w2 t5w3 t5w4 t5s2 t5s2a t5s3 t5s4 t5s4a 
  t5s4b t5s4c t5s4d t5s4e exit5 isubrout NEW_CINT NXT_INT backspace bkspexit 
  conversion convloop ERR1 loopfin cnvexit PUTCHAR1 PUTCHAR mess_exit ERR_DELAY 
  err_exit clrcurs clearbuffer TOP SAWMSG SEG7MSG SQUAREMSG SEG15MSG BACKSPACE 
  E1 E2 E3 SAWTOOTH VAR00001 VAR00002 VAR00003 VAR00004 VAR00005 SINE_7 
  VAR00006 VAR00007 VAR00008 VAR00009 VAR00010 VAR00011 VAR00012 VAR00013 
  VAR00014 VAR00015 VAR00016 VAR00017 VAR00018 VAR00019 VAR00020 SQUARE 
  VAR00021 VAR00022 VAR00023 VAR00024 VAR00025 VAR00026 VAR00027 VAR00028 
  VAR00029 SINE_15 VAR00030 VAR00031 VAR00032 VAR00033 VAR00034 VAR00035 
  VAR00036 VAR00037 VAR00038 VAR00039 VAR00040 VAR00041 VAR00042 VAR00043 
  VAR00044 VAR00045 VAR00046 VAR00047 VAR00048 VAR00049 VAR00050 VAR00051 
  VAR00052 VAR00053 VAR00054 VAR00055 VAR00056 VAR00057 VAR00058 VAR00059 
  VAR00060 
SECTION: "Lib_DAC"
  OUTDACA OUTDACB OUTDAC 
SECTION: "Lib_Keypad"
  INITKEY GETCHAR ISR_KEYPAD VAR00001 
SECTION: "Lib_Encoder"
  STARTUP_ENCODER READ_ENCODER DISABLE_ENCODER 
SECTION: "Lib_LCD"
  INITLCD LCD_RESET LCD_WRITE BF_TEST LCD_READ DISP_OFF DISP_ON CURSOR_ON 
  CURSOR_OFF SETADDR GETADDR CLRSCREEN OUTCHAR_AT OUTCHAR BS_HANDLE 
  OUTSTRING_AT OUTSTRING OUTLOOP OUTEXIT LCDTEMPLATE UPDATELCD_L1 UPDATELCD_L2 
  INITMESS_L1 INITMESS_L2 LCDTEMPLATE_L1 LCDTEMPLATE_L2 
SECTION: "Lib_Delay"
  DELAY_MICRO MICRO_Loop DELAY_MILLI MILLI_Loop 

*********************************************************************************************
OBJECT LIST SORTED BY ADDRESS
     Name                                      Addr   hSize   dSize     Ref    Section   RLIB
---------------------------------------------------------------------------------------------
     OUTDACA                                    800       6       6       1   Lib_DAC     
     OUTDACB                                    806       4       4       0   Lib_DAC     
     OUTDAC                                     80A      23      35       0   Lib_DAC     
     INITKEY                                    82D      35      53       1   Lib_Keypad  
     GETCHAR                                    862      10      16       1   Lib_Keypad  
     ISR_KEYPAD                                 872      1C      28       1   Lib_Keypad  
     VAR00001                                   88E      14      20       1   Lib_Keypad  
     STARTUP_ENCODER                            8A2      51      81       0   Lib_Encoder 
     READ_ENCODER                               8F3      37      55       0   Lib_Encoder 
     DISABLE_ENCODER                            92A      29      41       1   Lib_Encoder 
     INITLCD                                    953      6F     111       1   Lib_LCD     
     LCD_RESET                                  9C2      19      25       3   Lib_LCD     
     LCD_WRITE                                  9DB      18      24       7   Lib_LCD     
     BF_TEST                                    9F3      14      20       0   Lib_LCD     
     LCD_READ                                   A07      14      20       2   Lib_LCD     
     DISP_OFF                                   A1B       8       8       1   Lib_LCD     
     DISP_ON                                    A23       8       8       1   Lib_LCD     
     CURSOR_ON                                  A2B       8       8       1   Lib_LCD     
     CURSOR_OFF                                 A33       1       1       2   Lib_LCD     
     SETADDR                                    A34       E      14      22   Lib_LCD     
     GETADDR                                    A42       C      12       4   Lib_LCD     
     CLRSCREEN                                  A4E      1C      28       3   Lib_LCD     
     OUTCHAR_AT                                 A6A       3       3       0   Lib_LCD     
     OUTCHAR                                    A6D       C      12       4   Lib_LCD     
     BS_HANDLE                                  A79       C      12       0   Lib_LCD     
     OUTSTRING_AT                               A85       3       3       0   Lib_LCD     
     OUTSTRING                                  A88       2       2      11   Lib_LCD     
     OUTLOOP                                    A8A       9       9       0   Lib_LCD     
     OUTEXIT                                    A93       3       3       0   Lib_LCD     
     LCDTEMPLATE                                A96      1E      30       0   Lib_LCD     
     UPDATELCD_L1                               AB4      31      49       0   Lib_LCD     
     UPDATELCD_L2                               AE5      1B      27       0   Lib_LCD     
     INITMESS_L1                                B00      27      39       1   Lib_LCD     
     INITMESS_L2                                B27      28      40       1   Lib_LCD     
     LCDTEMPLATE_L1                             B4F      29      41       1   Lib_LCD     
     LCDTEMPLATE_L2                             B78      1D      29       1   Lib_LCD     
     DELAY_MICRO                                B95       F      15       5   Lib_Delay   
     MICRO_Loop                                 BA4       D      13       0   Lib_Delay   
     DELAY_MILLI                                BB1       F      15       2   Lib_Delay   
     MILLI_Loop                                 BC0       D      13       0   Lib_Delay   
     KEYREADY                                  1000       1       1       0   LIBRARY_RAM 
     LCHARACTER                                1001       1       1       4   LIBRARY_RAM 
     LKEY_FLG                                  1002       1       1       4   LIBRARY_RAM 
     LVREF_BUF                                 1003       4       4       2   LIBRARY_RAM 
     LVREF_NULL                                1007       1       1       0   LIBRARY_RAM 
     LVACT_BUF                                 1008       4       4       2   LIBRARY_RAM 
     LVACT_NULL                                100C       1       1       0   LIBRARY_RAM 
     LERR_BUF                                  100D       4       4       2   LIBRARY_RAM 
     LERR_NULL                                 1011       1       1       0   LIBRARY_RAM 
     LEFF_BUF                                  1012       4       4       2   LIBRARY_RAM 
     LEFF_NULL                                 1016       1       1       0   LIBRARY_RAM 
     LKP_BUF                                   1017       5       5       2   LIBRARY_RAM 
     LKP_NULL                                  101C       1       1       0   LIBRARY_RAM 
     LKI_BUF                                   101D       5       5       2   LIBRARY_RAM 
     LKI_NULL                                  1022       1       1       0   LIBRARY_RAM 
     INTERVAL                                  2400       2       2       3   .data       
     SELECT_FLG                                2402       1       1       5   .data       
     COUNT                                     2403       1       1      12   .data       
     MM_ERR                                    2404       1       1       2   .data       
     NINT                                      2405       2       2       4   .data       
     WAVE_NUM                                  2407       1       1       4   .data       
     KEY_FLG                                   2408       1       1      12   .data       
     KEY_BUFF                                  2409       1       1       6   .data       
     MSG_NUM                                   240A       1       1       7   .data       
     RUN                                       240B       1       1       5   .data       
     CINT                                      240C       2       2       4   .data       
     NEWBTI                                    240E       1       1       3   .data       
     WAVEPTR                                   240F       2       2       7   .data       
     CSEG                                      2411       1       1       4   .data       
     LSEG                                      2412       1       1       4   .data       
     SEGPTR                                    2413       2       2       5   .data       
     SEGINC                                    2415       2       2       4   .data       
     VALUE                                     2417       2       2       5   .data       
     DWAVE                                     2419       1       1       3   .data       
     DPRMPT                                    241A       1       1       0   .data       
     NINTOK                                    241B       1       1       4   .data       
     t1state                                   241C       1       1       3   .data       
     t2state                                   241D       1       1      14   .data       
     t3state                                   241E       1       1       5   .data       
     t4state                                   241F       1       1      11   .data       
     t5state                                   2420       1       1      10   .data       
     t6state                                   2421       1       1       0   .data       
     t7state                                   2422       1       1       0   .data       
     t8state                                   2423       1       1       0   .data       
     RESULT                                    2424       2       2       6   .data       
     BUFFER                                    2426       3       3       4   .data       
     TMP                                       2429       1       1       3   .data       
     ERR                                       242A       1       1       4   .data       
     INPUT                                     242B       1       1       0   .data       
     DPTR                                      242C       2       2       3   .data       
     FIRSTCH                                   242E       1       1      12   .data       
     COUNT_ERR                                 242F       2       2       3   .data       
     TICKS_ERR                                 2431       2       2       2   .data       
     main                                      4000       F      15       1   MyCode      
     top                                       400F      11      17       0   MyCode      
     spin                                      4020       2       2       0   MyCode      
     TASK_1                                    4022       8       8       1   MyCode      
     t1s0                                      402A      23      35       0   MyCode      
     t1s1                                      404D       1       1       0   MyCode      
     TASK_2                                    404E      22      34       1   MyCode      
     t2s0                                      4070      18      24       0   MyCode      
     t2s1                                      4088      23      35       0   MyCode      
     skip_select                               40AB       D      13       0   MyCode      
     skipBS                                    40B8       D      13       0   MyCode      
     skipENT                                   40C5      14      20       0   MyCode      
     skipDIGIT                                 40D9       7       7       0   MyCode      
     t2s2                                      40E0       C      12       0   MyCode      
     toomany                                   40EC       C      12       0   MyCode      
     skip_e                                    40F8      1F      31       0   MyCode      
     t2s3                                      4117       C      12       0   MyCode      
     skip_NO_DIGITS                            4123       C      12       0   MyCode      
     check_error                               412F      21      33       0   MyCode      
     skipERROR                                 4150      18      24       0   MyCode      
     t2s4                                      4168      11      17       0   MyCode      
     t2s5                                      4179      27      39       0   MyCode      
     t2s6                                      41A0       C      12       0   MyCode      
     skip_toolarge                             41AC       9       9       0   MyCode      
     skip_zeromag                              41B5       9       9       0   MyCode      
     skip_zerodigits                           41BE       B      11       0   MyCode      
     exit2                                     41C9       1       1       0   MyCode      
     TASK_3                                    41CA       C      12       1   MyCode      
     t3s0                                      41D6       C      12       0   MyCode      
     t3s1                                      41E2      17      23       0   MyCode      
     t3s2                                      41F9       A      10       0   MyCode      
     exit3                                     4203       1       1       0   MyCode      
     TASK_4                                    4204      3B      59       1   MyCode      
     t4s0                                      423F      19      25       0   MyCode      
     t4s1                                      4258      11      17       0   MyCode      
     t4s2                                      4269      10      16       0   MyCode      
     t4s3                                      4279      11      17       0   MyCode      
     t4s4                                      428A       E      14       0   MyCode      
     t4s5                                      4298       E      14       0   MyCode      
     t4s6                                      42A6       E      14       0   MyCode      
     t4s7                                      42B4       E      14       0   MyCode      
     t4s8                                      42C2       E      14       0   MyCode      
     t4s9                                      42D0       E      14       0   MyCode      
     t4s10                                     42DE       E      14       0   MyCode      
     t4s11                                     42EC      17      23       0   MyCode      
     char1                                     4303       3       3       0   MyCode      
     TASK_5                                    4306      16      22       1   MyCode      
     t5s0                                      431C      29      41       0   MyCode      
     t5s1                                      4345      14      20       0   MyCode      
     t5w1                                      4359       C      12       0   MyCode      
     t5w2                                      4365       C      12       0   MyCode      
     t5w3                                      4371       C      12       0   MyCode      
     t5w4                                      437D       C      12       0   MyCode      
     t5s2                                      4389      2A      42       0   MyCode      
     t5s2a                                     43B3       1       1       0   MyCode      
     t5s3                                      43B4      10      16       0   MyCode      
     t5s4                                      43C4      22      34       0   MyCode      
     t5s4a                                     43E6      13      19       0   MyCode      
     t5s4b                                     43F9       B      11       0   MyCode      
     t5s4c                                     4404       5       5       0   MyCode      
     t5s4d                                     4409       3       3       0   MyCode      
     t5s4e                                     440C       1       1       0   MyCode      
     exit5                                     440D       1       1       0   MyCode      
     isubrout                                  440E      11      17       1   MyCode      
     NEW_CINT                                  441F      11      17       0   MyCode      
     NXT_INT                                   4430       B      11       0   MyCode      
     backspace                                 443B      1C      28       1   MyCode      
     bkspexit                                  4457       1       1       0   MyCode      
     conversion                                4458      10      16       1   MyCode      
     convloop                                  4468      28      40       0   MyCode      
     ERR1                                      4490       7       7       0   MyCode      
     loopfin                                   4497       A      10       0   MyCode      
     cnvexit                                   44A1       7       7       0   MyCode      
     PUTCHAR1                                  44A8       F      15       1   MyCode      
     PUTCHAR                                   44B7       F      15       8   MyCode      
     mess_exit                                 44C6       E      14       0   MyCode      
     ERR_DELAY                                 44D4      14      20       0   MyCode      
     err_exit                                  44E8       E      14       0   MyCode      
     clrcurs                                   44F6       8       8       3   MyCode      
     clearbuffer                               44FE       E      14       4   MyCode      
     TOP                                       450C      29      41       1   MyCode      
     SAWMSG                                    4535      29      41       1   MyCode      
     SEG7MSG                                   455E      29      41       1   MyCode      
     SQUAREMSG                                 4587      29      41       1   MyCode      
     SEG15MSG                                  45B0      29      41       1   MyCode      
     BACKSPACE                                 45D9       2       2       1   MyCode      
     E1                                        45DB      14      20       1   MyCode      
     E2                                        45EF      14      20       1   MyCode      
     E3                                        4603      14      20       1   MyCode      
     SAWTOOTH                                  4617       1       1       1   MyCode      
     VAR00001                                  4618       2       2       0   MyCode      
     VAR00002                                  461A       1       1       0   MyCode      
     VAR00003                                  461B       2       2       0   MyCode      
     VAR00004                                  461D       1       1       0   MyCode      
     VAR00005                                  461E       2       2       0   MyCode      
     SINE_7                                    4620       1       1       1   MyCode      
     VAR00006                                  4621       2       2       0   MyCode      
     VAR00007                                  4623       1       1       0   MyCode      
     VAR00008                                  4624       2       2       0   MyCode      
     VAR00009                                  4626       1       1       0   MyCode      
     VAR00010                                  4627       2       2       0   MyCode      
     VAR00011                                  4629       1       1       0   MyCode      
     VAR00012                                  462A       2       2       0   MyCode      
     VAR00013                                  462C       1       1       0   MyCode      
     VAR00014                                  462D       2       2       0   MyCode      
     VAR00015                                  462F       1       1       0   MyCode      
     VAR00016                                  4630       2       2       0   MyCode      
     VAR00017                                  4632       1       1       0   MyCode      
     VAR00018                                  4633       2       2       0   MyCode      
     VAR00019                                  4635       1       1       0   MyCode      
     VAR00020                                  4636       2       2       0   MyCode      
     SQUARE                                    4638       1       1       1   MyCode      
     VAR00021                                  4639       2       2       0   MyCode      
     VAR00022                                  463B       1       1       0   MyCode      
     VAR00023                                  463C       2       2       0   MyCode      
     VAR00024                                  463E       1       1       0   MyCode      
     VAR00025                                  463F       2       2       0   MyCode      
     VAR00026                                  4641       1       1       0   MyCode      
     VAR00027                                  4642       2       2       0   MyCode      
     VAR00028                                  4644       1       1       0   MyCode      
     VAR00029                                  4645       2       2       0   MyCode      
     SINE_15                                   4647       1       1       1   MyCode      
     VAR00030                                  4648       2       2       0   MyCode      
     VAR00031                                  464A       1       1       0   MyCode      
     VAR00032                                  464B       2       2       0   MyCode      
     VAR00033                                  464D       1       1       0   MyCode      
     VAR00034                                  464E       2       2       0   MyCode      
     VAR00035                                  4650       1       1       0   MyCode      
     VAR00036                                  4651       2       2       0   MyCode      
     VAR00037                                  4653       1       1       0   MyCode      
     VAR00038                                  4654       2       2       0   MyCode      
     VAR00039                                  4656       1       1       0   MyCode      
     VAR00040                                  4657       2       2       0   MyCode      
     VAR00041                                  4659       1       1       0   MyCode      
     VAR00042                                  465A       2       2       0   MyCode      
     VAR00043                                  465C       1       1       0   MyCode      
     VAR00044                                  465D       2       2       0   MyCode      
     VAR00045                                  465F       1       1       0   MyCode      
     VAR00046                                  4660       2       2       0   MyCode      
     VAR00047                                  4662       1       1       0   MyCode      
     VAR00048                                  4663       2       2       0   MyCode      
     VAR00049                                  4665       1       1       0   MyCode      
     VAR00050                                  4666       2       2       0   MyCode      
     VAR00051                                  4668       1       1       0   MyCode      
     VAR00052                                  4669       2       2       0   MyCode      
     VAR00053                                  466B       1       1       0   MyCode      
     VAR00054                                  466C       2       2       0   MyCode      
     VAR00055                                  466E       1       1       0   MyCode      
     VAR00056                                  466F       2       2       0   MyCode      
     VAR00057                                  4671       1       1       0   MyCode      
     VAR00058                                  4672       2       2       0   MyCode      
     VAR00059                                  4674       1       1       0   MyCode      
     VAR00060                                  4675       2       2       0   MyCode      
     Entry                                     C000       0       0       1   .init       
     _Startup                                  C000      13      19       0   .init       
     STARTUP_PLL                               C013      20      32       1   .init       
     STARTUP_SPI0                              C033      45      69       1   .init       
     STARTUP_ATD1                              C078      1A      26       0   .init       
     STARTUP_PWM                               C092      1D      29       0   .init       
     STARTUP_IO                                C0AF      34      52       1   .init       
     VAR00035                                  FFCE       2       2       0   .text       
     VAR00062                                  FFEE       2       2       0   .text       
     VAR00061                                  FFFE       2       2       0   .text       

*********************************************************************************************
UNUSED-OBJECTS SECTION
---------------------------------------------------------------------------------------------
NOT USED PROCEDURES
Lib_Interface.asm.o (ME305LIBV3.0.lib):
  IFENTRY Loop TASK_1 jumptable_1 VAR00001 VAR00002 t1state0 t1state1 TASK_2 
  jumptable_2 VAR00003 VAR00004 VAR00005 VAR00006 VAR00007 VAR00008 VAR00009 
  VAR00010 VAR00011 VAR00012 VAR00013 VAR00014 VAR00015 VAR00016 VAR00017 
  t2state0 t2s0a t2state1 t2s1a t2s1b t2s1c t2s1d t2s1e t2s1f t2s1g t2s1h t2s1i 
  t2s1j t2s1k t2s1l exit_t2s1 t2state2 exit_t2s2 t2state3 exit_t2s3 t2state4 
  t2s4a t2s4b exit_t2s4 t2state5 t2s5a t2s5b t2s5c t2s5d t2s5e t2s5f exit_t2s5 
  t2state6 exit_t2s6 t2state7 t2state8 exit_t2s8 t2state9 exit_t2s9 t2stateA 
  t2sAa exit_t2sA t2stateB t2sBa exit_t2sB t2stateC t2sC1 t2sC2 exit_t2sC 
  t2stateD t2sDa t2sDb t2sDc t2sDd t2sDe t2sDf t2sDg exit_t2sD t2stateE TASK_3 
  jumptable_3 VAR00018 VAR00019 VAR00020 t3state0 t3state1 t3s1a t3state2 t3s2a 
  TASK_4 jumptable_4 VAR00021 VAR00022 VAR00023 VAR00024 VAR00025 VAR00026 
  VAR00027 VAR00028 VAR00029 VAR00030 VAR00031 VAR00032 VAR00033 VAR00034 
  t4state0 t4state1 t4s1a t4s1b t4s1c t4s1d t4s1e t4s1f t4s1g t4s1h t4s1i t4s1j 
  t4s1k t4s1l t4state2 t4state3 t4s3a t4s3b t4state4 t4state5 t4state6 t4state7 
  t4state8 t4state9 t4stateA t4sAa t4sAb t4stateB t4sBa t4sBb t4stateC t4sCa 
  t4sCb t4stateD SM_BUF_blank LG_BUF_blank ASCII_2_Bin conv_loop conv_done 
  TOO_LARGE exit_ASCII_2_Bin Bin_2_ASCII con_loop con_top unstack_loop con_end 
  VREF_PRMPT BSPACE_FM BLANK4 BLANK5 BLANK13 BLANK27 L2_TEMPLATE RUN_MESS 
  STP_MESS CL_MESS OL_MESS D_ON_MESS D_OFF_MESS 
NOT USED VARIABLES
Lib_Interface.asm.o (ME305LIBV3.0.lib):
  V_entry KP_entry KI_entry NEG_FLG SIGN_FLG DISP_ON V_act Kscale ERR EFF ESUM 
  V_act_DISP ERR_DISP EFF_DISP UPDATE_FLG2 KEY_BUF KEY_FLG INTERVAL COUNT 
  BUFFER t1state t2state t3state t4state t5state t6state ECHO ECHO_SIGN B_SPACE 
  V_ref_prep KP_prep KI_prep update_L1 update_L2 D_RUN D_LOOP D_DISP D_HCUR 
  MOTOR_POWER P_POWER I_POWER CURRENT 

*********************************************************************************************
COPYDOWN SECTION
---------------------------------------------------------------------------------------------

*********************************************************************************************
OBJECT-DEPENDENCIES SECTION
---------------------------------------------------------------------------------------------
INITKEY                   USES LCHARACTER LKEY_FLG 
GETCHAR                   USES LCHARACTER LKEY_FLG 
ISR_KEYPAD                USES VAR00001 LCHARACTER LKEY_FLG 
INITLCD                   USES LVREF_BUF LVACT_BUF LERR_BUF LEFF_BUF LKI_BUF 
                                LKP_BUF LCD_RESET DELAY_MICRO LCD_WRITE DISP_OFF 
                                CLRSCREEN DISP_ON SETADDR INITMESS_L1 OUTSTRING 
                                INITMESS_L2 DELAY_MILLI 
BF_TEST                   USES LCD_READ DELAY_MICRO 
DISP_OFF                  USES LCD_WRITE 
DISP_ON                   USES LCD_WRITE 
CURSOR_ON                 USES LCD_WRITE 
SETADDR                   USES LCD_WRITE 
GETADDR                   USES LCD_READ 
CLRSCREEN                 USES LCD_WRITE GETADDR SETADDR OUTCHAR 
OUTCHAR_AT                USES SETADDR 
OUTCHAR                   USES LCD_WRITE 
BS_HANDLE                 USES GETADDR SETADDR 
OUTSTRING_AT              USES SETADDR 
OUTLOOP                   USES OUTCHAR 
LCDTEMPLATE               USES CLRSCREEN SETADDR LCDTEMPLATE_L1 OUTSTRING 
                                LCDTEMPLATE_L2 
UPDATELCD_L1              USES SETADDR LVREF_BUF OUTSTRING LVACT_BUF LERR_BUF 
                                LEFF_BUF 
UPDATELCD_L2              USES SETADDR LKP_BUF OUTSTRING LKI_BUF 
main                      USES t1state t2state t3state t4state t5state 
top                       USES TASK_1 TASK_2 TASK_3 TASK_4 TASK_5 
TASK_1                    USES t1state 
t1s0                      USES INTERVAL t1state 
TASK_2                    USES t2state 
t2s0                      USES SELECT_FLG KEY_FLG COUNT WAVE_NUM clearbuffer 
                                t2state 
t2s1                      USES KEY_FLG KEY_BUFF SELECT_FLG t2state 
skip_select               USES t2state 
skipBS                    USES t2state 
skipENT                   USES t2state 
skipDIGIT                 USES KEY_FLG 
t2s2                      USES COUNT SELECT_FLG 
toomany                   USES KEY_FLG t2state 
skip_e                    USES BUFFER COUNT KEY_BUFF KEY_FLG t2state MSG_NUM 
t2s3                      USES clrcurs COUNT 
skip_NO_DIGITS            USES conversion NINT COUNT BUFFER 
check_error               USES t2state MM_ERR NINT KEY_FLG clearbuffer 
                                CURSOR_OFF 
skipERROR                 USES clearbuffer CURSOR_OFF KEY_FLG SELECT_FLG DWAVE 
                                NINTOK 
t2s4                      USES t4state t2state KEY_FLG 
t2s5                      USES SELECT_FLG DWAVE NINTOK RUN KEY_BUFF WAVE_NUM 
                                t4state t2state KEY_FLG 
t2s6                      USES MM_ERR MSG_NUM 
skip_toolarge             USES MSG_NUM 
skip_zeromag              USES MSG_NUM 
skip_zerodigits           USES t2state clearbuffer KEY_FLG 
TASK_3                    USES t3state 
t3s0                      USES INITKEY KEY_BUFF t3state 
t3s1                      USES LKEY_FLG GETCHAR KEY_BUFF KEY_FLG t3state 
t3s2                      USES KEY_FLG t3state 
TASK_4                    USES t4state 
t4s0                      USES INITLCD FIRSTCH SETADDR TICKS_ERR t4state 
t4s1                      USES FIRSTCH MSG_NUM t4state 
t4s2                      USES TOP FIRSTCH PUTCHAR 
t4s3                      USES COUNT SETADDR backspace t4state 
t4s4                      USES SAWMSG FIRSTCH PUTCHAR 
t4s5                      USES SEG7MSG FIRSTCH PUTCHAR 
t4s6                      USES SQUAREMSG FIRSTCH PUTCHAR 
t4s7                      USES SEG15MSG FIRSTCH PUTCHAR 
t4s8                      USES E1 FIRSTCH PUTCHAR 
t4s9                      USES E2 FIRSTCH PUTCHAR 
t4s10                     USES E3 FIRSTCH PUTCHAR 
t4s11                     USES COUNT SETADDR CURSOR_ON KEY_BUFF OUTCHAR 
                                t4state 
char1                     USES PUTCHAR1 
TASK_5                    USES t5state 
t5s0                      USES RUN CSEG LSEG SEGINC SEGPTR NINT CINT NINTOK 
                                WAVEPTR VALUE t5state 
t5s1                      USES WAVE_NUM 
t5w1                      USES SAWTOOTH WAVEPTR t5state 
t5w2                      USES SINE_7 WAVEPTR t5state 
t5w3                      USES SQUARE WAVEPTR t5state 
t5w4                      USES SINE_15 WAVEPTR t5state 
t5s2                      USES DWAVE WAVEPTR CSEG VALUE LSEG SEGINC SEGPTR 
                                t5state 
t5s3                      USES NINTOK RUN t5state 
t5s4                      USES RUN NEWBTI LSEG CSEG WAVEPTR SEGPTR 
t5s4a                     USES SEGPTR LSEG SEGINC 
t5s4b                     USES VALUE SEGINC 
t5s4c                     USES t5state 
t5s4d                     USES NEWBTI 
isubrout                  USES RUN CINT 
NEW_CINT                  USES NINT CINT NEWBTI VALUE OUTDACA 
NXT_INT                   USES INTERVAL 
backspace                 USES COUNT GETADDR SETADDR BACKSPACE OUTSTRING 
conversion                USES RESULT TMP ERR BUFFER 
convloop                  USES COUNT RESULT TMP 
ERR1                      USES ERR 
loopfin                   USES RESULT ERR 
cnvexit                   USES ERR 
PUTCHAR1                  USES DPTR SETADDR FIRSTCH TICKS_ERR COUNT_ERR 
PUTCHAR                   USES DPTR OUTCHAR 
mess_exit                 USES t4state MSG_NUM clrcurs 
ERR_DELAY                 USES clrcurs t4state COUNT_ERR 
err_exit                  USES WAVE_NUM t4state FIRSTCH 
clrcurs                   USES SETADDR 
clearbuffer               USES BUFFER 
_Startup                  USES __SEG_END_SSTACK STARTUP_PLL STARTUP_IO 
                                STARTUP_SPI0 DISABLE_ENCODER main 
STARTUP_SPI0              USES DELAY_MILLI 
STARTUP_ATD1              USES DELAY_MICRO 

*********************************************************************************************
DEPENDENCY TREE
*********************************************************************************************
 main and _Startup Group
 | 
 +- main                
 |    
 +- Entry               
      
 _ORG00001           
 | 
 +- Entry                (see above)
    
 _ORG00002           
 | 
 +- isubrout            
      
 _ORG00001           
 | 
 +- ISR_KEYPAD          
    | 
    +- VAR00001            
         
*********************************************************************************************
STATISTIC SECTION
---------------------------------------------------------------------------------------------

ExeFile:
--------
Number of blocks to be downloaded: 10
Total size of all blocks to be downloaded: 2861

